// Jest Snapshot v1, https://goo.gl/fbAQLP

exports[`App Should render properly 1`] = `
<div
  className="App"
>
  <div>
    <input
      name="email"
      onChange={[Function]}
      type="text"
      value=""
    />
    <input
      name="password"
      onChange={[Function]}
      type="password"
      value=""
    />
    <button
      name="submit"
      onClick={[Function]}
      type="submit"
    >
      Login
    </button>
  </div>
</div>
`;
